---
source: packages/nx/src/native/tui/components/layout_manager.rs
expression: output
---
"┌Task List──────────────────────┐┌Terminal Pane 1──────────────────────────────────────────────────┐"
"│                               ││                                                                 │"
"│                               ││                                                                 │"
"│                               ││                                                                 │"
"│                               ││                                                                 │"
"│                               ││                                                                 │"
"│                               ││                                                                 │"
"│                               ││                                                                 │"
"│                               ││                                                                 │"
"│                               ││                                                                 │"
"│                               ││                                                                 │"
"│                               ││                                                                 │"
"│                               ││                                                                 │"
"│                               ││                                                                 │"
"│                               ││                                                                 │"
"│                               ││                                                                 │"
"│                               ││                                                                 │"
"│                               ││                                                                 │"
"│                               ││                                                                 │"
"│                               ││                                                                 │"
"│                               ││                                                                 │"
"│                               ││                                                                 │"
"│                               ││                                                                 │"
"│                               ││                                                                 │"
"│                               ││                                                                 │"
"│                               ││                                                                 │"
"│                               ││                                                                 │"
"│                               ││                                                                 │"
"│                               ││                                                                 │"
"│                               ││                                                                 │"
"│                               ││                                                                 │"
"│                               ││                                                                 │"
"│                               ││                                                                 │"
"│                               ││                                                                 │"
"│                               ││                                                                 │"
"│                               ││                                                                 │"
"│                               ││                                                                 │"
"│                               ││                                                                 │"
"│                               ││                                                                 │"
"└───────────────────────────────┘└─────────────────────────────────────────────────────────────────┘"
